Archive member included to satisfy reference by file (symbol)

C:/arm-tools/xpack-arm-none-eabi-gcc-13.3.1-1.1/bin/../lib/gcc/arm-none-eabi/13.3.1/thumb/v7e-m+fp/hard\libgcc.a(_aeabi_uldivmod.o)
                              cmake/stm32cubemx/CMakeFiles/STM32_Drivers.dir/__/__/Drivers/STM32F4xx_HAL_Driver/Src/stm32f4xx_hal_rcc.c.obj (__aeabi_uldivmod)
C:/arm-tools/xpack-arm-none-eabi-gcc-13.3.1-1.1/bin/../lib/gcc/arm-none-eabi/13.3.1/thumb/v7e-m+fp/hard\libgcc.a(_udivmoddi4.o)
                              C:/arm-tools/xpack-arm-none-eabi-gcc-13.3.1-1.1/bin/../lib/gcc/arm-none-eabi/13.3.1/thumb/v7e-m+fp/hard\libgcc.a(_aeabi_uldivmod.o) (__udivmoddi4)
C:/arm-tools/xpack-arm-none-eabi-gcc-13.3.1-1.1/bin/../lib/gcc/arm-none-eabi/13.3.1/thumb/v7e-m+fp/hard\libgcc.a(_dvmd_tls.o)
                              C:/arm-tools/xpack-arm-none-eabi-gcc-13.3.1-1.1/bin/../lib/gcc/arm-none-eabi/13.3.1/thumb/v7e-m+fp/hard\libgcc.a(_aeabi_uldivmod.o) (__aeabi_ldiv0)
C:/arm-tools/xpack-arm-none-eabi-gcc-13.3.1-1.1/bin/../lib/gcc/arm-none-eabi/13.3.1/../../../../arm-none-eabi/lib/thumb/v7e-m+fp/hard\libg_nano.a(libc_a-atexit.o)
                              C:/arm-tools/xpack-arm-none-eabi-gcc-13.3.1-1.1/bin/../lib/gcc/arm-none-eabi/13.3.1/../../../../arm-none-eabi/lib/thumb/v7e-m+fp/hard/crt0.o (atexit)
C:/arm-tools/xpack-arm-none-eabi-gcc-13.3.1-1.1/bin/../lib/gcc/arm-none-eabi/13.3.1/../../../../arm-none-eabi/lib/thumb/v7e-m+fp/hard\libg_nano.a(libc_a-exit.o)
                              C:/arm-tools/xpack-arm-none-eabi-gcc-13.3.1-1.1/bin/../lib/gcc/arm-none-eabi/13.3.1/../../../../arm-none-eabi/lib/thumb/v7e-m+fp/hard/crt0.o (exit)
C:/arm-tools/xpack-arm-none-eabi-gcc-13.3.1-1.1/bin/../lib/gcc/arm-none-eabi/13.3.1/../../../../arm-none-eabi/lib/thumb/v7e-m+fp/hard\libg_nano.a(libc_a-findfp.o)
                              C:/arm-tools/xpack-arm-none-eabi-gcc-13.3.1-1.1/bin/../lib/gcc/arm-none-eabi/13.3.1/../../../../arm-none-eabi/lib/thumb/v7e-m+fp/hard\libg_nano.a(libc_a-exit.o) (__stdio_exit_handler)
C:/arm-tools/xpack-arm-none-eabi-gcc-13.3.1-1.1/bin/../lib/gcc/arm-none-eabi/13.3.1/../../../../arm-none-eabi/lib/thumb/v7e-m+fp/hard\libg_nano.a(libc_a-fwalk.o)
                              C:/arm-tools/xpack-arm-none-eabi-gcc-13.3.1-1.1/bin/../lib/gcc/arm-none-eabi/13.3.1/../../../../arm-none-eabi/lib/thumb/v7e-m+fp/hard\libg_nano.a(libc_a-findfp.o) (_fwalk_sglue)
C:/arm-tools/xpack-arm-none-eabi-gcc-13.3.1-1.1/bin/../lib/gcc/arm-none-eabi/13.3.1/../../../../arm-none-eabi/lib/thumb/v7e-m+fp/hard\libg_nano.a(libc_a-stdio.o)
                              C:/arm-tools/xpack-arm-none-eabi-gcc-13.3.1-1.1/bin/../lib/gcc/arm-none-eabi/13.3.1/../../../../arm-none-eabi/lib/thumb/v7e-m+fp/hard\libg_nano.a(libc_a-findfp.o) (__sread)
C:/arm-tools/xpack-arm-none-eabi-gcc-13.3.1-1.1/bin/../lib/gcc/arm-none-eabi/13.3.1/../../../../arm-none-eabi/lib/thumb/v7e-m+fp/hard\libg_nano.a(libc_a-memset.o)
                              C:/arm-tools/xpack-arm-none-eabi-gcc-13.3.1-1.1/bin/../lib/gcc/arm-none-eabi/13.3.1/../../../../arm-none-eabi/lib/thumb/v7e-m+fp/hard/crt0.o (memset)
C:/arm-tools/xpack-arm-none-eabi-gcc-13.3.1-1.1/bin/../lib/gcc/arm-none-eabi/13.3.1/../../../../arm-none-eabi/lib/thumb/v7e-m+fp/hard\libg_nano.a(libc_a-closer.o)
                              C:/arm-tools/xpack-arm-none-eabi-gcc-13.3.1-1.1/bin/../lib/gcc/arm-none-eabi/13.3.1/../../../../arm-none-eabi/lib/thumb/v7e-m+fp/hard\libg_nano.a(libc_a-stdio.o) (_close_r)
C:/arm-tools/xpack-arm-none-eabi-gcc-13.3.1-1.1/bin/../lib/gcc/arm-none-eabi/13.3.1/../../../../arm-none-eabi/lib/thumb/v7e-m+fp/hard\libg_nano.a(libc_a-reent.o)
                              C:/arm-tools/xpack-arm-none-eabi-gcc-13.3.1-1.1/bin/../lib/gcc/arm-none-eabi/13.3.1/../../../../arm-none-eabi/lib/thumb/v7e-m+fp/hard\libg_nano.a(libc_a-closer.o) (errno)
C:/arm-tools/xpack-arm-none-eabi-gcc-13.3.1-1.1/bin/../lib/gcc/arm-none-eabi/13.3.1/../../../../arm-none-eabi/lib/thumb/v7e-m+fp/hard\libg_nano.a(libc_a-impure.o)
                              C:/arm-tools/xpack-arm-none-eabi-gcc-13.3.1-1.1/bin/../lib/gcc/arm-none-eabi/13.3.1/../../../../arm-none-eabi/lib/thumb/v7e-m+fp/hard\libg_nano.a(libc_a-reent.o) (_impure_ptr)
C:/arm-tools/xpack-arm-none-eabi-gcc-13.3.1-1.1/bin/../lib/gcc/arm-none-eabi/13.3.1/../../../../arm-none-eabi/lib/thumb/v7e-m+fp/hard\libg_nano.a(libc_a-lseekr.o)
                              C:/arm-tools/xpack-arm-none-eabi-gcc-13.3.1-1.1/bin/../lib/gcc/arm-none-eabi/13.3.1/../../../../arm-none-eabi/lib/thumb/v7e-m+fp/hard\libg_nano.a(libc_a-stdio.o) (_lseek_r)
C:/arm-tools/xpack-arm-none-eabi-gcc-13.3.1-1.1/bin/../lib/gcc/arm-none-eabi/13.3.1/../../../../arm-none-eabi/lib/thumb/v7e-m+fp/hard\libg_nano.a(libc_a-readr.o)
                              C:/arm-tools/xpack-arm-none-eabi-gcc-13.3.1-1.1/bin/../lib/gcc/arm-none-eabi/13.3.1/../../../../arm-none-eabi/lib/thumb/v7e-m+fp/hard\libg_nano.a(libc_a-stdio.o) (_read_r)
[...]
Memory Configuration

Name             Origin             Length             Attributes
RAM              0x20000000         0x00020000         xrw
CCMRAM           0x10000000         0x00010000         xrw
FLASH            0x08000000         0x00080000         xr
*default*        0x00000000         0xffffffff

Linker script and memory map

LOAD C:/arm-tools/xpack-arm-none-eabi-gcc-13.3.1-1.1/bin/../lib/gcc/arm-none-eabi/13.3.1/thumb/v7e-m+fp/hard/crti.o
LOAD C:/arm-tools/xpack-arm-none-eabi-gcc-13.3.1-1.1/bin/../lib/gcc/arm-none-eabi/13.3.1/thumb/v7e-m+fp/hard/crtbegin.o
LOAD C:/arm-tools/xpack-arm-none-eabi-gcc-13.3.1-1.1/bin/../lib/gcc/arm-none-eabi/13.3.1/../../../../arm-none-eabi/lib/thumb/v7e-m+fp/hard/crt0.o
LOAD cmake/stm32cubemx/CMakeFiles/STM32_Drivers.dir/__/__/Core/Src/system_stm32f4xx.c.obj
LOAD cmake/stm32cubemx/CMakeFiles/STM32_Drivers.dir/__/__/Drivers/STM32F4xx_HAL_Driver/Src/stm32f4xx_hal_rcc.c.obj
LOAD cmake/stm32cubemx/CMakeFiles/STM32_Drivers.dir/__/__/Drivers/STM32F4xx_HAL_Driver/Src/stm32f4xx_hal_rcc_ex.c.obj
LOAD cmake/stm32cubemx/CMakeFiles/STM32_Drivers.dir/__/__/Drivers/STM32F4xx_HAL_Driver/Src/stm32f4xx_hal_flash.c.obj
LOAD cmake/stm32cubemx/CMakeFiles/STM32_Drivers.dir/__/__/Drivers/STM32F4xx_HAL_Driver/Src/stm32f4xx_hal_flash_ex.c.obj
LOAD cmake/stm32cubemx/CMakeFiles/STM32_Drivers.dir/__/__/Drivers/STM32F4xx_HAL_Driver/Src/stm32f4xx_hal_flash_ramfunc.c.obj
LOAD cmake/stm32cubemx/CMakeFiles/STM32_Drivers.dir/__/__/Drivers/STM32F4xx_HAL_Driver/Src/stm32f4xx_hal_gpio.c.obj
LOAD cmake/stm32cubemx/CMakeFiles/STM32_Drivers.dir/__/__/Drivers/STM32F4xx_HAL_Driver/Src/stm32f4xx_hal_dma_ex.c.obj
LOAD cmake/stm32cubemx/CMakeFiles/STM32_Drivers.dir/__/__/Drivers/STM32F4xx_HAL_Driver/Src/stm32f4xx_hal_dma.c.obj
LOAD cmake/stm32cubemx/CMakeFiles/STM32_Drivers.dir/__/__/Drivers/STM32F4xx_HAL_Driver/Src/stm32f4xx_hal_pwr.c.obj
LOAD cmake/stm32cubemx/CMakeFiles/STM32_Drivers.dir/__/__/Drivers/STM32F4xx_HAL_Driver/Src/stm32f4xx_hal_pwr_ex.c.obj
LOAD cmake/stm32cubemx/CMakeFiles/STM32_Drivers.dir/__/__/Drivers/STM32F4xx_HAL_Driver/Src/stm32f4xx_hal_cortex.c.obj
LOAD cmake/stm32cubemx/CMakeFiles/STM32_Drivers.dir/__/__/Drivers/STM32F4xx_HAL_Driver/Src/stm32f4xx_hal.c.obj
LOAD cmake/stm32cubemx/CMakeFiles/STM32_Drivers.dir/__/__/Drivers/STM32F4xx_HAL_Driver/Src/stm32f4xx_hal_exti.c.obj
LOAD CMakeFiles/TEST11.dir/Core/Src/main.c.obj
LOAD CMakeFiles/TEST11.dir/Core/Src/gpio.c.obj
LOAD CMakeFiles/TEST11.dir/Core/Src/key.c.obj
LOAD CMakeFiles/TEST11.dir/Core/Src/stm32f4xx_it.c.obj
LOAD CMakeFiles/TEST11.dir/Core/Src/stm32f4xx_hal_msp.c.obj
LOAD CMakeFiles/TEST11.dir/Core/Src/sysmem.c.obj
LOAD CMakeFiles/TEST11.dir/Core/Src/syscalls.c.obj
LOAD CMakeFiles/TEST11.dir/startup_stm32f407xx.s.obj
LOAD C:/arm-tools/xpack-arm-none-eabi-gcc-13.3.1-1.1/bin/../lib/gcc/arm-none-eabi/13.3.1/../../../../arm-none-eabi/lib/thumb/v7e-m+fp/hard\libm.a
START GROUP
LOAD C:/arm-tools/xpack-arm-none-eabi-gcc-13.3.1-1.1/bin/../lib/gcc/arm-none-eabi/13.3.1/thumb/v7e-m+fp/hard\libgcc.a
LOAD C:/arm-tools/xpack-arm-none-eabi-gcc-13.3.1-1.1/bin/../lib/gcc/arm-none-eabi/13.3.1/../../../../arm-none-eabi/lib/thumb/v7e-m+fp/hard\libg_nano.a
LOAD C:/arm-tools/xpack-arm-none-eabi-gcc-13.3.1-1.1/bin/../lib/gcc/arm-none-eabi/13.3.1/../../../../arm-none-eabi/lib/thumb/v7e-m+fp/hard\libc_nano.a
END GROUP
START GROUP
LOAD C:/arm-tools/xpack-arm-none-eabi-gcc-13.3.1-1.1/bin/../lib/gcc/arm-none-eabi/13.3.1/thumb/v7e-m+fp/hard\libgcc.a
LOAD C:/arm-tools/xpack-arm-none-eabi-gcc-13.3.1-1.1/bin/../lib/gcc/arm-none-eabi/13.3.1/../../../../arm-none-eabi/lib/thumb/v7e-m+fp/hard\libc_nano.a
END GROUP
LOAD C:/arm-tools/xpack-arm-none-eabi-gcc-13.3.1-1.1/bin/../lib/gcc/arm-none-eabi/13.3.1/thumb/v7e-m+fp/hard/crtend.o
LOAD C:/arm-tools/xpack-arm-none-eabi-gcc-13.3.1-1.1/bin/../lib/gcc/arm-none-eabi/13.3.1/thumb/v7e-m+fp/hard/crtn.o
                0x20020000                        _estack = (ORIGIN (RAM) + LENGTH (RAM))
                0x2001fc00                        _sstack = (_estack - _Min_Stack_Size)
                0x00000200                        _Min_Heap_Size = 0x200
                0x00000400                        _Min_Stack_Size = 0x400

.isr_vector     0x08000000      0x188
                0x08000000                        . = ALIGN (0x4)
 *(.isr_vector)
 .isr_vector    0x08000000      0x188 CMakeFiles/TEST11.dir/startup_stm32f407xx.s.obj
                0x08000000                g_pfnVectors
                0x08000188                        . = ALIGN (0x4)

.text           0x08000188     0x1838
                0x08000188                        . = ALIGN (0x4)
 *(.text)
 .text          0x08000188       0x30 C:/arm-tools/xpack-arm-none-eabi-gcc-13.3.1-1.1/bin/../lib/gcc/arm-none-eabi/13.3.1/thumb/v7e-m+fp/hard\libgcc.a(_aeabi_uldivmod.o)
                0x08000188                __aeabi_uldivmod
 .text          0x080001b8        0x4 C:/arm-tools/xpack-arm-none-eabi-gcc-13.3.1-1.1/bin/../lib/gcc/arm-none-eabi/13.3.1/thumb/v7e-m+fp/hard\libgcc.a(_dvmd_tls.o)
                0x080001b8                __aeabi_idiv0
                0x080001b8                __aeabi_ldiv0
 *(.text*)
 .text.__do_global_dtors_aux
                0x080001bc       0x24 C:/arm-tools/xpack-arm-none-eabi-gcc-13.3.1-1.1/bin/../lib/gcc/arm-none-eabi/13.3.1/thumb/v7e-m+fp/hard/crtbegin.o
 .text.frame_dummy
                0x080001e0       0x1c C:/arm-tools/xpack-arm-none-eabi-gcc-13.3.1-1.1/bin/../lib/gcc/arm-none-eabi/13.3.1/thumb/v7e-m+fp/hard/crtbegin.o
 .text.SystemInit
                0x080001fc       0x24 cmake/stm32cubemx/CMakeFiles/STM32_Drivers.dir/__/__/Core/Src/system_stm32f4xx.c.obj
                0x080001fc                SystemInit
 .text.HAL_RCC_OscConfig
                0x08000220      0x4f0 cmake/stm32cubemx/CMakeFiles/STM32_Drivers.dir/__/__/Drivers/STM32F4xx_HAL_Driver/Src/stm32f4xx_hal_rcc.c.obj
                0x08000220                HAL_RCC_OscConfig
 .text.HAL_RCC_ClockConfig
                0x08000710      0x1cc cmake/stm32cubemx/CMakeFiles/STM32_Drivers.dir/__/__/Drivers/STM32F4xx_HAL_Driver/Src/stm32f4xx_hal_rcc.c.obj
                0x08000710                HAL_RCC_ClockConfig
 .text.HAL_RCC_GetSysClockFreq
                0x080008dc      0x18c cmake/stm32cubemx/CMakeFiles/STM32_Drivers.dir/__/__/Drivers/STM32F4xx_HAL_Driver/Src/stm32f4xx_hal_rcc.c.obj
                0x080008dc                HAL_RCC_GetSysClockFreq
 .text.HAL_GPIO_Init
                0x08000a68      0x338 cmake/stm32cubemx/CMakeFiles/STM32_Drivers.dir/__/__/Drivers/STM32F4xx_HAL_Driver/Src/stm32f4xx_hal_gpio.c.obj
                0x08000a68                HAL_GPIO_Init
 .text.HAL_GPIO_ReadPin
                0x08000da0       0x30 cmake/stm32cubemx/CMakeFiles/STM32_Drivers.dir/__/__/Drivers/STM32F4xx_HAL_Driver/Src/stm32f4xx_hal_gpio.c.obj
                0x08000da0                HAL_GPIO_ReadPin
 .text.HAL_GPIO_WritePin
                0x08000dd0       0x32 cmake/stm32cubemx/CMakeFiles/STM32_Drivers.dir/__/__/Drivers/STM32F4xx_HAL_Driver/Src/stm32f4xx_hal_gpio.c.obj
                0x08000dd0                HAL_GPIO_WritePin
 .text.HAL_GPIO_TogglePin
                0x08000e02       0x34 cmake/stm32cubemx/CMakeFiles/STM32_Drivers.dir/__/__/Drivers/STM32F4xx_HAL_Driver/Src/stm32f4xx_hal_gpio.c.obj
                0x08000e02                HAL_GPIO_TogglePin
 *fill*         0x08000e36        0x2 
 .text.__NVIC_SetPriorityGrouping
                0x08000e38       0x48 cmake/stm32cubemx/CMakeFiles/STM32_Drivers.dir/__/__/Drivers/STM32F4xx_HAL_Driver/Src/stm32f4xx_hal_cortex.c.obj
 .text.__NVIC_GetPriorityGrouping
                0x08000e80       0x1c cmake/stm32cubemx/CMakeFiles/STM32_Drivers.dir/__/__/Drivers/STM32F4xx_HAL_Driver/Src/stm32f4xx_hal_cortex.c.obj
 .text.__NVIC_SetPriority
                0x08000e9c       0x54 cmake/stm32cubemx/CMakeFiles/STM32_Drivers.dir/__/__/Drivers/STM32F4xx_HAL_Driver/Src/stm32f4xx_hal_cortex.c.obj
 .text.NVIC_EncodePriority
                0x08000ef0       0x66 cmake/stm32cubemx/CMakeFiles/STM32_Drivers.dir/__/__/Drivers/STM32F4xx_HAL_Driver/Src/stm32f4xx_hal_cortex.c.obj
 *fill*         0x08000f56        0x2 
 .text.SysTick_Config
                0x08000f58       0x44 cmake/stm32cubemx/CMakeFiles/STM32_Drivers.dir/__/__/Drivers/STM32F4xx_HAL_Driver/Src/stm32f4xx_hal_cortex.c.obj
 .text.HAL_NVIC_SetPriorityGrouping
                0x08000f9c       0x16 cmake/stm32cubemx/CMakeFiles/STM32_Drivers.dir/__/__/Drivers/STM32F4xx_HAL_Driver/Src/stm32f4xx_hal_cortex.c.obj
                0x08000f9c                HAL_NVIC_SetPriorityGrouping
 .text.HAL_NVIC_SetPriority
                0x08000fb2       0x38 cmake/stm32cubemx/CMakeFiles/STM32_Drivers.dir/__/__/Drivers/STM32F4xx_HAL_Driver/Src/stm32f4xx_hal_cortex.c.obj
                0x08000fb2                HAL_NVIC_SetPriority
 .text.HAL_SYSTICK_Config
                0x08000fea       0x18 cmake/stm32cubemx/CMakeFiles/STM32_Drivers.dir/__/__/Drivers/STM32F4xx_HAL_Driver/Src/stm32f4xx_hal_cortex.c.obj
                0x08000fea                HAL_SYSTICK_Config
 *fill*         0x08001002        0x2 
 .text.HAL_Init
                0x08001004       0x44 cmake/stm32cubemx/CMakeFiles/STM32_Drivers.dir/__/__/Drivers/STM32F4xx_HAL_Driver/Src/stm32f4xx_hal.c.obj
                0x08001004                HAL_Init
 .text.HAL_InitTick
                0x08001048       0x60 cmake/stm32cubemx/CMakeFiles/STM32_Drivers.dir/__/__/Drivers/STM32F4xx_HAL_Driver/Src/stm32f4xx_hal.c.obj
                0x08001048                HAL_InitTick
 .text.HAL_IncTick
                0x080010a8       0x28 cmake/stm32cubemx/CMakeFiles/STM32_Drivers.dir/__/__/Drivers/STM32F4xx_HAL_Driver/Src/stm32f4xx_hal.c.obj
                0x080010a8                HAL_IncTick
 .text.HAL_GetTick
                0x080010d0       0x18 cmake/stm32cubemx/CMakeFiles/STM32_Drivers.dir/__/__/Drivers/STM32F4xx_HAL_Driver/Src/stm32f4xx_hal.c.obj
                0x080010d0                HAL_GetTick
 .text.HAL_Delay
                0x080010e8       0x48 cmake/stm32cubemx/CMakeFiles/STM32_Drivers.dir/__/__/Drivers/STM32F4xx_HAL_Driver/Src/stm32f4xx_hal.c.obj
                0x080010e8                HAL_Delay
 .text.MX_USART1_Init
                0x08001130       0xa4 CMakeFiles/TEST11.dir/Core/Src/main.c.obj
 .text.main     0x080011d4       0xb4 CMakeFiles/TEST11.dir/Core/Src/main.c.obj
                0x080011d4                main
 .text.SystemClock_Config
                0x08001288       0xbc CMakeFiles/TEST11.dir/Core/Src/main.c.obj
                0x08001288                SystemClock_Config
 .text.Error_Handler
                0x08001344        0xc CMakeFiles/TEST11.dir/Core/Src/main.c.obj
                0x08001344                Error_Handler
 .text.MX_GPIO_Init
                0x08001350       0xb0 CMakeFiles/TEST11.dir/Core/Src/gpio.c.obj
                0x08001350                MX_GPIO_Init
 .text.key_init
                0x08001400       0xc0 CMakeFiles/TEST11.dir/Core/Src/key.c.obj
                0x08001400                key_init
 .text.key_scan
                0x080014c0       0xd0 CMakeFiles/TEST11.dir/Core/Src/key.c.obj
                0x080014c0                key_scan
 .text.NMI_Handler
                0x08001590        0x8 CMakeFiles/TEST11.dir/Core/Src/stm32f4xx_it.c.obj
                0x08001590                NMI_Handler
 .text.HardFault_Handler
                0x08001598        0x8 CMakeFiles/TEST11.dir/Core/Src/stm32f4xx_it.c.obj
                0x08001598                HardFault_Handler
 .text.MemManage_Handler
                0x080015a0        0x8 CMakeFiles/TEST11.dir/Core/Src/stm32f4xx_it.c.obj
                0x080015a0                MemManage_Handler
 .text.BusFault_Handler
                0x080015a8        0x8 CMakeFiles/TEST11.dir/Core/Src/stm32f4xx_it.c.obj
                0x080015a8                BusFault_Handler
 .text.UsageFault_Handler
                0x080015b0        0x8 CMakeFiles/TEST11.dir/Core/Src/stm32f4xx_it.c.obj
                0x080015b0                UsageFault_Handler
 .text.SVC_Handler
                0x080015b8        0xe CMakeFiles/TEST11.dir/Core/Src/stm32f4xx_it.c.obj
                0x080015b8                SVC_Handler
 .text.DebugMon_Handler
                0x080015c6        0xe CMakeFiles/TEST11.dir/Core/Src/stm32f4xx_it.c.obj
                0x080015c6                DebugMon_Handler
 .text.PendSV_Handler
                0x080015d4        0xe CMakeFiles/TEST11.dir/Core/Src/stm32f4xx_it.c.obj
                0x080015d4                PendSV_Handler
 .text.SysTick_Handler
                0x080015e2        0xc CMakeFiles/TEST11.dir/Core/Src/stm32f4xx_it.c.obj
                0x080015e2                SysTick_Handler
 *fill*         0x080015ee        0x2 
 .text.HAL_MspInit
                0x080015f0       0x50 CMakeFiles/TEST11.dir/Core/Src/stm32f4xx_hal_msp.c.obj
                0x080015f0                HAL_MspInit
 .text.Reset_Handler
                0x08001640       0x50 CMakeFiles/TEST11.dir/startup_stm32f407xx.s.obj
                0x08001640                Reset_Handler
 .text.Default_Handler
                0x08001690        0x2 CMakeFiles/TEST11.dir/startup_stm32f407xx.s.obj
                0x08001690                RTC_Alarm_IRQHandler
                0x08001690                HASH_RNG_IRQHandler
                0x08001690                EXTI2_IRQHandler
                0x08001690                TIM8_CC_IRQHandler
                0x08001690                TIM1_CC_IRQHandler
                0x08001690                DMA2_Stream5_IRQHandler
                0x08001690                DMA1_Stream5_IRQHandler
                0x08001690                PVD_IRQHandler
                0x08001690                SDIO_IRQHandler
                0x08001690                TAMP_STAMP_IRQHandler
                0x08001690                CAN2_RX1_IRQHandler
                0x08001690                EXTI3_IRQHandler
                0x08001690                TIM8_TRG_COM_TIM14_IRQHandler
                0x08001690                TIM1_UP_TIM10_IRQHandler
                0x08001690                TIM8_UP_TIM13_IRQHandler
                0x08001690                I2C3_ER_IRQHandler
                0x08001690                EXTI0_IRQHandler
                0x08001690                I2C2_EV_IRQHandler
                0x08001690                DMA1_Stream2_IRQHandler
                0x08001690                CAN1_RX0_IRQHandler
                0x08001690                FPU_IRQHandler
                0x08001690                OTG_HS_WKUP_IRQHandler
                0x08001690                CAN2_SCE_IRQHandler
                0x08001690                DMA2_Stream2_IRQHandler
                0x08001690                SPI1_IRQHandler
                0x08001690                TIM6_DAC_IRQHandler
                0x08001690                TIM1_BRK_TIM9_IRQHandler
                0x08001690                DCMI_IRQHandler
                0x08001690                CAN2_RX0_IRQHandler
                0x08001690                DMA2_Stream3_IRQHandler
                0x08001690                USART6_IRQHandler
                0x08001690                USART3_IRQHandler
                0x08001690                CAN1_RX1_IRQHandler
                0x08001690                UART5_IRQHandler
                0x08001690                DMA2_Stream0_IRQHandler
                0x08001690                TIM4_IRQHandler
                0x08001690                I2C1_EV_IRQHandler
                0x08001690                DMA1_Stream6_IRQHandler
                0x08001690                DMA1_Stream1_IRQHandler
                0x08001690                UART4_IRQHandler
                0x08001690                TIM3_IRQHandler
                0x08001690                RCC_IRQHandler
                0x08001690                TIM8_BRK_TIM12_IRQHandler
                0x08001690                Default_Handler
                0x08001690                EXTI15_10_IRQHandler
                0x08001690                ADC_IRQHandler
                0x08001690                DMA1_Stream7_IRQHandler
                0x08001690                TIM7_IRQHandler
                0x08001690                CAN2_TX_IRQHandler
                0x08001690                TIM5_IRQHandler
                0x08001690                DMA2_Stream7_IRQHandler
                0x08001690                I2C3_EV_IRQHandler
                0x08001690                EXTI9_5_IRQHandler
                0x08001690                RTC_WKUP_IRQHandler
                0x08001690                ETH_WKUP_IRQHandler
                0x08001690                SPI2_IRQHandler
                0x08001690                OTG_HS_EP1_IN_IRQHandler
                0x08001690                DMA1_Stream0_IRQHandler
                0x08001690                CAN1_TX_IRQHandler
                0x08001690                EXTI4_IRQHandler
                0x08001690                FSMC_IRQHandler
                0x08001690                ETH_IRQHandler
                0x08001690                OTG_HS_EP1_OUT_IRQHandler
                0x08001690                WWDG_IRQHandler
                0x08001690                TIM2_IRQHandler
                0x08001690                OTG_FS_WKUP_IRQHandler
                0x08001690                TIM1_TRG_COM_TIM11_IRQHandler
                0x08001690                OTG_HS_IRQHandler
                0x08001690                EXTI1_IRQHandler
                0x08001690                USART2_IRQHandler
                0x08001690                I2C2_ER_IRQHandler
                0x08001690                DMA2_Stream1_IRQHandler
                0x08001690                CAN1_SCE_IRQHandler
                0x08001690                FLASH_IRQHandler
                0x08001690                DMA2_Stream4_IRQHandler
                0x08001690                USART1_IRQHandler
                0x08001690                OTG_FS_IRQHandler
                0x08001690                SPI3_IRQHandler
                0x08001690                DMA1_Stream4_IRQHandler
                0x08001690                I2C1_ER_IRQHandler
                0x08001690                DMA2_Stream6_IRQHandler
                0x08001690                DMA1_Stream3_IRQHandler
 *fill*         0x08001692        0x2 
 .text.__udivmoddi4
                0x08001694      0x2bc C:/arm-tools/xpack-arm-none-eabi-gcc-13.3.1-1.1/bin/../lib/gcc/arm-none-eabi/13.3.1/thumb/v7e-m+fp/hard\libgcc.a(_udivmoddi4.o)
                0x08001694                __udivmoddi4
 .text.memset   0x08001950       0x10 C:/arm-tools/xpack-arm-none-eabi-gcc-13.3.1-1.1/bin/../lib/gcc/arm-none-eabi/13.3.1/../../../../arm-none-eabi/lib/thumb/v7e-m+fp/hard\libg_nano.a(libc_a-memset.o)
                0x08001950                memset
 .text.__libc_init_array
                0x08001960       0x48 C:/arm-tools/xpack-arm-none-eabi-gcc-13.3.1-1.1/bin/../lib/gcc/arm-none-eabi/13.3.1/../../../../arm-none-eabi/lib/thumb/v7e-m+fp/hard\libg_nano.a(libc_a-init.o)
                0x08001960                __libc_init_array
 *(.glue_7)
 .glue_7        0x080019a8        0x0 linker stubs
 *(.glue_7t)
 .glue_7t       0x080019a8        0x0 linker stubs
 *(.eh_frame)
 .eh_frame      0x080019a8        0x0 C:/arm-tools/xpack-arm-none-eabi-gcc-13.3.1-1.1/bin/../lib/gcc/arm-none-eabi/13.3.1/thumb/v7e-m+fp/hard/crtbegin.o
 *(.init)
 .init          0x080019a8        0x4 C:/arm-tools/xpack-arm-none-eabi-gcc-13.3.1-1.1/bin/../lib/gcc/arm-none-eabi/13.3.1/thumb/v7e-m+fp/hard/crti.o
                0x080019a8                _init
 .init          0x080019ac        0x8 C:/arm-tools/xpack-arm-none-eabi-gcc-13.3.1-1.1/bin/../lib/gcc/arm-none-eabi/13.3.1/thumb/v7e-m+fp/hard/crtn.o
 *(.fini)
 .fini          0x080019b4        0x4 C:/arm-tools/xpack-arm-none-eabi-gcc-13.3.1-1.1/bin/../lib/gcc/arm-none-eabi/13.3.1/thumb/v7e-m+fp/hard/crti.o
                0x080019b4                _fini
 .fini          0x080019b8        0x8 C:/arm-tools/xpack-arm-none-eabi-gcc-13.3.1-1.1/bin/../lib/gcc/arm-none-eabi/13.3.1/thumb/v7e-m+fp/hard/crtn.o
                0x080019c0                        . = ALIGN (0x4)
                0x080019c0                        _etext = .

.vfp11_veneer   0x080019c0        0x0
 .vfp11_veneer  0x080019c0        0x0 linker stubs

.v4_bx          0x080019c0        0x0
 .v4_bx         0x080019c0        0x0 linker stubs

.iplt           0x080019c0        0x0
 .iplt          0x080019c0        0x0 C:/arm-tools/xpack-arm-none-eabi-gcc-13.3.1-1.1/bin/../lib/gcc/arm-none-eabi/13.3.1/thumb/v7e-m+fp/hard/crtbegin.o

.rodata         0x080019c0       0x10
                0x080019c0                        . = ALIGN (0x4)
 *(.rodata)
 *(.rodata*)
 .rodata.AHBPrescTable
                0x080019c0       0x10 cmake/stm32cubemx/CMakeFiles/STM32_Drivers.dir/__/__/Core/Src/system_stm32f4xx.c.obj
                0x080019c0                AHBPrescTable
                0x080019d0                        . = ALIGN (0x4)

.ARM.extab      0x080019d0        0x0
                0x080019d0                        . = ALIGN (0x4)
 *(.ARM.extab* .gnu.linkonce.armextab.*)
                0x080019d0                        . = ALIGN (0x4)

.ARM            0x080019d0        0x8
                0x080019d0                        . = ALIGN (0x4)
                0x080019d0                        __exidx_start = .
 *(.ARM.exidx*)
 .ARM.exidx.text.__udivmoddi4
                0x080019d0        0x8 C:/arm-tools/xpack-arm-none-eabi-gcc-13.3.1-1.1/bin/../lib/gcc/arm-none-eabi/13.3.1/thumb/v7e-m+fp/hard\libgcc.a(_udivmoddi4.o)
                0x080019d8                        __exidx_end = .
                0x080019d8                        . = ALIGN (0x4)

.preinit_array  0x080019d8        0x0
                0x080019d8                        . = ALIGN (0x4)
                0x080019d8                        PROVIDE (__preinit_array_start = .)
 *(.preinit_array*)
                0x080019d8                        PROVIDE (__preinit_array_end = .)
                0x080019d8                        . = ALIGN (0x4)

.init_array     0x080019d8        0x4
                0x080019d8                        . = ALIGN (0x4)
                0x080019d8                        PROVIDE (__init_array_start = .)
 *(SORT_BY_NAME(.init_array.*))
 *(.init_array*)
 .init_array    0x080019d8        0x4 C:/arm-tools/xpack-arm-none-eabi-gcc-13.3.1-1.1/bin/../lib/gcc/arm-none-eabi/13.3.1/thumb/v7e-m+fp/hard/crtbegin.o
                0x080019dc                        PROVIDE (__init_array_end = .)
                0x080019dc                        . = ALIGN (0x4)

.fini_array     0x080019dc        0x4
                0x080019dc                        . = ALIGN (0x4)
                0x080019dc                        PROVIDE (__fini_array_start = .)
 *(SORT_BY_NAME(.fini_array.*))
 *(.fini_array*)
 .fini_array    0x080019dc        0x4 C:/arm-tools/xpack-arm-none-eabi-gcc-13.3.1-1.1/bin/../lib/gcc/arm-none-eabi/13.3.1/thumb/v7e-m+fp/hard/crtbegin.o
                0x080019e0                        PROVIDE (__fini_array_end = .)
                0x080019e0                        . = ALIGN (0x4)
                0x080019e0                        _siccmram = LOADADDR (.ccmram)

.rel.dyn        0x080019e0        0x0
 .rel.iplt      0x080019e0        0x0 C:/arm-tools/xpack-arm-none-eabi-gcc-13.3.1-1.1/bin/../lib/gcc/arm-none-eabi/13.3.1/thumb/v7e-m+fp/hard/crtbegin.o

.ccmram         0x10000000        0x0 load address 0x080019e0
                0x10000000                        . = ALIGN (0x4)
                0x10000000                        _sccmram = .
 *(.ccmram)
 *(.ccmram*)
                0x10000000                        . = ALIGN (0x4)
                0x10000000                        _eccmram = .
                0x080019e0                        _sidata = LOADADDR (.data)

.data           0x20000000        0xc load address 0x080019e0
                0x20000000                        . = ALIGN (0x4)
                0x20000000                        _sdata = .
 *(.data)
 *(.data*)
 .data.SystemCoreClock
                0x20000000        0x4 cmake/stm32cubemx/CMakeFiles/STM32_Drivers.dir/__/__/Core/Src/system_stm32f4xx.c.obj
                0x20000000                SystemCoreClock
 .data.uwTickPrio
                0x20000004        0x4 cmake/stm32cubemx/CMakeFiles/STM32_Drivers.dir/__/__/Drivers/STM32F4xx_HAL_Driver/Src/stm32f4xx_hal.c.obj
                0x20000004                uwTickPrio
 .data.uwTickFreq
                0x20000008        0x1 cmake/stm32cubemx/CMakeFiles/STM32_Drivers.dir/__/__/Drivers/STM32F4xx_HAL_Driver/Src/stm32f4xx_hal.c.obj
                0x20000008                uwTickFreq
 .data.key_up.0
                0x20000009        0x1 CMakeFiles/TEST11.dir/Core/Src/key.c.obj
 *(.RamFunc)
 *(.RamFunc*)
                0x2000000c                        . = ALIGN (0x4)
 *fill*         0x2000000a        0x2 

.igot.plt       0x2000000c        0x0 load address 0x080019ec
 .igot.plt      0x2000000c        0x0 C:/arm-tools/xpack-arm-none-eabi-gcc-13.3.1-1.1/bin/../lib/gcc/arm-none-eabi/13.3.1/thumb/v7e-m+fp/hard/crtbegin.o

.tdata          0x2000000c        0x0 load address 0x080019ec
 *(.tdata .tdata.* .gnu.linkonce.td.*)
                0x2000000c                        . = ALIGN (0x4)
                0x2000000c                        _edata = .
                [!provide]                        PROVIDE (__data_end = .)
                [!provide]                        PROVIDE (__tdata_end = .)
                [!provide]                        PROVIDE (__tdata_start = ADDR (.tdata))
                [!provide]                        PROVIDE (__tdata_size = (__tdata_end - __tdata_start))
                [!provide]                        PROVIDE (__data_start = ADDR (.data))
                [!provide]                        PROVIDE (__data_size = (__data_end - __data_start))
                [!provide]                        PROVIDE (__tdata_source = LOADADDR (.tdata))
                [!provide]                        PROVIDE (__tdata_source_end = (LOADADDR (.tdata) + SIZEOF (.tdata)))
                [!provide]                        PROVIDE (__tdata_source_size = (__tdata_source_end - __tdata_source))
                [!provide]                        PROVIDE (__data_source = LOADADDR (.data))
                [!provide]                        PROVIDE (__data_source_end = __tdata_source_end)
                [!provide]                        PROVIDE (__data_source_size = (__data_source_end - __data_source))

.tbss           0x2000000c        0x0 load address 0x080019ec
                0x2000000c                        _sbss = .
                0x2000000c                        __bss_start__ = _sbss
 *(.tbss .tbss.*)
                0x2000000c                        . = ALIGN (0x4)
                [!provide]                        PROVIDE (__tbss_end = .)
                [!provide]                        PROVIDE (__tbss_start = ADDR (.tbss))
                [!provide]                        PROVIDE (__tbss_size = (__tbss_end - __tbss_start))
                [!provide]                        PROVIDE (__tbss_offset = (ADDR (.tbss) - ADDR (.tdata)))
                [!provide]                        PROVIDE (__tls_base = __tdata_start)
                [!provide]                        PROVIDE (__tls_end = __tbss_end)
                [!provide]                        PROVIDE (__tls_size = (__tls_end - __tls_base))
                [!provide]                        PROVIDE (__tls_align = MAX (ALIGNOF (.tdata), ALIGNOF (.tbss)))
                [!provide]                        PROVIDE (__tls_size_align = (((__tls_size + __tls_align) - 0x1) & ~ ((__tls_align - 0x1))))
                [!provide]                        PROVIDE (__arm32_tls_tcb_offset = MAX (0x8, __tls_align))
                [!provide]                        PROVIDE (__arm64_tls_tcb_offset = MAX (0x10, __tls_align))

.bss            0x2000000c       0x20 load address 0x080019ec
 *(.bss)
 *(.bss*)
 .bss.completed.1
                0x2000000c        0x1 C:/arm-tools/xpack-arm-none-eabi-gcc-13.3.1-1.1/bin/../lib/gcc/arm-none-eabi/13.3.1/thumb/v7e-m+fp/hard/crtbegin.o
 *fill*         0x2000000d        0x3 
 .bss.object.0  0x20000010       0x18 C:/arm-tools/xpack-arm-none-eabi-gcc-13.3.1-1.1/bin/../lib/gcc/arm-none-eabi/13.3.1/thumb/v7e-m+fp/hard/crtbegin.o
 .bss.uwTick    0x20000028        0x4 cmake/stm32cubemx/CMakeFiles/STM32_Drivers.dir/__/__/Drivers/STM32F4xx_HAL_Driver/Src/stm32f4xx_hal.c.obj
                0x20000028                uwTick
 *(COMMON)
                0x2000002c                        . = ALIGN (0x4)
                0x2000002c                        _ebss = .
                0x2000002c                        __bss_end__ = _ebss
                [!provide]                        PROVIDE (__bss_end = .)
                [!provide]                        PROVIDE (__non_tls_bss_start = ADDR (.bss))
                [!provide]                        PROVIDE (__bss_start = __tbss_start)
                [!provide]                        PROVIDE (__bss_size = (__bss_end - __bss_start))

._user_heap_stack
                0x2000002c      0x604 load address 0x080019ec
                0x20000030                        . = ALIGN (0x8)
 *fill*         0x2000002c        0x4 
                [!provide]                        PROVIDE (end = .)
                0x20000030                        PROVIDE (_end = .)
                0x20000230                        . = (. + _Min_Heap_Size)
 *fill*         0x20000030      0x200 
                0x20000630                        . = (. + _Min_Stack_Size)
 *fill*         0x20000230      0x400 
                0x20000630                        . = ALIGN (0x8)

/DISCARD/
 libc.a:*(*)
 libm.a:*(*)
 libgcc.a:*(*)
OUTPUT(TEST11.elf elf32-littlearm)
LOAD linker stubs

.ARM.attributes
                0x00000000       0x30
 .ARM.attributes
                0x00000000       0x22 C:/arm-tools/xpack-arm-none-eabi-gcc-13.3.1-1.1/bin/../lib/gcc/arm-none-eabi/13.3.1/thumb/v7e-m+fp/hard/crti.o
 .ARM.attributes
                0x00000022       0x34 C:/arm-tools/xpack-arm-none-eabi-gcc-13.3.1-1.1/bin/../lib/gcc/arm-none-eabi/13.3.1/thumb/v7e-m+fp/hard/crtbegin.o
 .ARM.attributes
                0x00000056       0x34 cmake/stm32cubemx/CMakeFiles/STM32_Drivers.dir/__/__/Core/Src/system_stm32f4xx.c.obj
 .ARM.attributes
                0x0000008a       0x34 cmake/stm32cubemx/CMakeFiles/STM32_Drivers.dir/__/__/Drivers/STM32F4xx_HAL_Driver/Src/stm32f4xx_hal_rcc.c.obj
 .ARM.attributes
                0x000000be       0x34 cmake/stm32cubemx/CMakeFiles/STM32_Drivers.dir/__/__/Drivers/STM32F4xx_HAL_Driver/Src/stm32f4xx_hal_gpio.c.obj
 .ARM.attributes
                0x000000f2       0x34 cmake/stm32cubemx/CMakeFiles/STM32_Drivers.dir/__/__/Drivers/STM32F4xx_HAL_Driver/Src/stm32f4xx_hal_cortex.c.obj
 .ARM.attributes
                0x00000126       0x34 cmake/stm32cubemx/CMakeFiles/STM32_Drivers.dir/__/__/Drivers/STM32F4xx_HAL_Driver/Src/stm32f4xx_hal.c.obj
 .ARM.attributes
                0x0000015a       0x34 CMakeFiles/TEST11.dir/Core/Src/main.c.obj
 .ARM.attributes
                0x0000018e       0x34 CMakeFiles/TEST11.dir/Core/Src/gpio.c.obj
 .ARM.attributes
                0x000001c2       0x34 CMakeFiles/TEST11.dir/Core/Src/key.c.obj
 .ARM.attributes
                0x000001f6       0x34 CMakeFiles/TEST11.dir/Core/Src/stm32f4xx_it.c.obj
 .ARM.attributes
                0x0000022a       0x34 CMakeFiles/TEST11.dir/Core/Src/stm32f4xx_hal_msp.c.obj
 .ARM.attributes
                0x0000025e       0x21 CMakeFiles/TEST11.dir/startup_stm32f407xx.s.obj
 .ARM.attributes
                0x0000027f       0x22 C:/arm-tools/xpack-arm-none-eabi-gcc-13.3.1-1.1/bin/../lib/gcc/arm-none-eabi/13.3.1/thumb/v7e-m+fp/hard\libgcc.a(_aeabi_uldivmod.o)
 .ARM.attributes
                0x000002a1       0x34 C:/arm-tools/xpack-arm-none-eabi-gcc-13.3.1-1.1/bin/../lib/gcc/arm-none-eabi/13.3.1/thumb/v7e-m+fp/hard\libgcc.a(_udivmoddi4.o)
 .ARM.attributes
                0x000002d5       0x22 C:/arm-tools/xpack-arm-none-eabi-gcc-13.3.1-1.1/bin/../lib/gcc/arm-none-eabi/13.3.1/thumb/v7e-m+fp/hard\libgcc.a(_dvmd_tls.o)
 .ARM.attributes
                0x000002f7       0x34 C:/arm-tools/xpack-arm-none-eabi-gcc-13.3.1-1.1/bin/../lib/gcc/arm-none-eabi/13.3.1/../../../../arm-none-eabi/lib/thumb/v7e-m+fp/hard\libg_nano.a(libc_a-memset.o)
 .ARM.attributes
                0x0000032b       0x34 C:/arm-tools/xpack-arm-none-eabi-gcc-13.3.1-1.1/bin/../lib/gcc/arm-none-eabi/13.3.1/../../../../arm-none-eabi/lib/thumb/v7e-m+fp/hard\libg_nano.a(libc_a-init.o)
 .ARM.attributes
                0x0000035f       0x22 C:/arm-tools/xpack-arm-none-eabi-gcc-13.3.1-1.1/bin/../lib/gcc/arm-none-eabi/13.3.1/thumb/v7e-m+fp/hard/crtn.o

.comment        0x00000000       0x39
 .comment       0x00000000       0x39 C:/arm-tools/xpack-arm-none-eabi-gcc-13.3.1-1.1/bin/../lib/gcc/arm-none-eabi/13.3.1/thumb/v7e-m+fp/hard/crtbegin.o
                                 0x3a (size before relaxing)
 .comment       0x00000039       0x3a cmake/stm32cubemx/CMakeFiles/STM32_Drivers.dir/__/__/Core/Src/system_stm32f4xx.c.obj
 .comment       0x00000039       0x3a cmake/stm32cubemx/CMakeFiles/STM32_Drivers.dir/__/__/Drivers/STM32F4xx_HAL_Driver/Src/stm32f4xx_hal_rcc.c.obj
 .comment       0x00000039       0x3a cmake/stm32cubemx/CMakeFiles/STM32_Drivers.dir/__/__/Drivers/STM32F4xx_HAL_Driver/Src/stm32f4xx_hal_gpio.c.obj
 .comment       0x00000039       0x3a cmake/stm32cubemx/CMakeFiles/STM32_Drivers.dir/__/__/Drivers/STM32F4xx_HAL_Driver/Src/stm32f4xx_hal_cortex.c.obj
 .comment       0x00000039       0x3a cmake/stm32cubemx/CMakeFiles/STM32_Drivers.dir/__/__/Drivers/STM32F4xx_HAL_Driver/Src/stm32f4xx_hal.c.obj
 .comment       0x00000039       0x3a CMakeFiles/TEST11.dir/Core/Src/main.c.obj
 .comment       0x00000039       0x3a CMakeFiles/TEST11.dir/Core/Src/gpio.c.obj
 .comment       0x00000039       0x3a CMakeFiles/TEST11.dir/Core/Src/key.c.obj
 .comment       0x00000039       0x3a CMakeFiles/TEST11.dir/Core/Src/stm32f4xx_it.c.obj
 .comment       0x00000039       0x3a CMakeFiles/TEST11.dir/Core/Src/stm32f4xx_hal_msp.c.obj
 .comment       0x00000039       0x3a C:/arm-tools/xpack-arm-none-eabi-gcc-13.3.1-1.1/bin/../lib/gcc/arm-none-eabi/13.3.1/thumb/v7e-m+fp/hard\libgcc.a(_udivmoddi4.o)
 .comment       0x00000039       0x3a C:/arm-tools/xpack-arm-none-eabi-gcc-13.3.1-1.1/bin/../lib/gcc/arm-none-eabi/13.3.1/../../../../arm-none-eabi/lib/thumb/v7e-m+fp/hard\libg_nano.a(libc_a-memset.o)
 .comment       0x00000039       0x3a C:/arm-tools/xpack-arm-none-eabi-gcc-13.3.1-1.1/bin/../lib/gcc/arm-none-eabi/13.3.1/../../../../arm-none-eabi/lib/thumb/v7e-m+fp/hard\libg_nano.a(libc_a-init.o)

.debug_info     0x00000000     0x460d
 .debug_info    0x00000000      0x512 cmake/stm32cubemx/CMakeFiles/STM32_Drivers.dir/__/__/Core/Src/system_stm32f4xx.c.obj
 .debug_info    0x00000512      0x8c3 cmake/stm32cubemx/CMakeFiles/STM32_Drivers.dir/__/__/Drivers/STM32F4xx_HAL_Driver/Src/stm32f4xx_hal_rcc.c.obj
 .debug_info    0x00000dd5      0x6c3 cmake/stm32cubemx/CMakeFiles/STM32_Drivers.dir/__/__/Drivers/STM32F4xx_HAL_Driver/Src/stm32f4xx_hal_gpio.c.obj
 .debug_info    0x00001498      0xd8c cmake/stm32cubemx/CMakeFiles/STM32_Drivers.dir/__/__/Drivers/STM32F4xx_HAL_Driver/Src/stm32f4xx_hal_cortex.c.obj
 .debug_info    0x00002224      0x944 cmake/stm32cubemx/CMakeFiles/STM32_Drivers.dir/__/__/Drivers/STM32F4xx_HAL_Driver/Src/stm32f4xx_hal.c.obj
 .debug_info    0x00002b68      0x773 CMakeFiles/TEST11.dir/Core/Src/main.c.obj
 .debug_info    0x000032db      0x3d1 CMakeFiles/TEST11.dir/Core/Src/gpio.c.obj
 .debug_info    0x000036ac      0x453 CMakeFiles/TEST11.dir/Core/Src/key.c.obj
 .debug_info    0x00003aff      0x112 CMakeFiles/TEST11.dir/Core/Src/stm32f4xx_it.c.obj
 .debug_info    0x00003c11      0x269 CMakeFiles/TEST11.dir/Core/Src/stm32f4xx_hal_msp.c.obj
 .debug_info    0x00003e7a       0x30 CMakeFiles/TEST11.dir/startup_stm32f407xx.s.obj
 .debug_info    0x00003eaa       0x24 C:/arm-tools/xpack-arm-none-eabi-gcc-13.3.1-1.1/bin/../lib/gcc/arm-none-eabi/13.3.1/thumb/v7e-m+fp/hard\libgcc.a(_aeabi_uldivmod.o)
 .debug_info    0x00003ece      0x703 C:/arm-tools/xpack-arm-none-eabi-gcc-13.3.1-1.1/bin/../lib/gcc/arm-none-eabi/13.3.1/thumb/v7e-m+fp/hard\libgcc.a(_udivmoddi4.o)
 .debug_info    0x000045d1       0x3c C:/arm-tools/xpack-arm-none-eabi-gcc-13.3.1-1.1/bin/../lib/gcc/arm-none-eabi/13.3.1/thumb/v7e-m+fp/hard\libgcc.a(_dvmd_tls.o)

.debug_abbrev   0x00000000     0x1336
 .debug_abbrev  0x00000000      0x11a cmake/stm32cubemx/CMakeFiles/STM32_Drivers.dir/__/__/Core/Src/system_stm32f4xx.c.obj
 .debug_abbrev  0x0000011a      0x2b7 cmake/stm32cubemx/CMakeFiles/STM32_Drivers.dir/__/__/Drivers/STM32F4xx_HAL_Driver/Src/stm32f4xx_hal_rcc.c.obj
 .debug_abbrev  0x000003d1      0x1d4 cmake/stm32cubemx/CMakeFiles/STM32_Drivers.dir/__/__/Drivers/STM32F4xx_HAL_Driver/Src/stm32f4xx_hal_gpio.c.obj
 .debug_abbrev  0x000005a5      0x31d cmake/stm32cubemx/CMakeFiles/STM32_Drivers.dir/__/__/Drivers/STM32F4xx_HAL_Driver/Src/stm32f4xx_hal_cortex.c.obj
 .debug_abbrev  0x000008c2      0x214 cmake/stm32cubemx/CMakeFiles/STM32_Drivers.dir/__/__/Drivers/STM32F4xx_HAL_Driver/Src/stm32f4xx_hal.c.obj
 .debug_abbrev  0x00000ad6      0x265 CMakeFiles/TEST11.dir/Core/Src/main.c.obj
 .debug_abbrev  0x00000d3b      0x152 CMakeFiles/TEST11.dir/Core/Src/gpio.c.obj
 .debug_abbrev  0x00000e8d      0x196 CMakeFiles/TEST11.dir/Core/Src/key.c.obj
 .debug_abbrev  0x00001023       0x73 CMakeFiles/TEST11.dir/Core/Src/stm32f4xx_it.c.obj
 .debug_abbrev  0x00001096       0xd8 CMakeFiles/TEST11.dir/Core/Src/stm32f4xx_hal_msp.c.obj
 .debug_abbrev  0x0000116e       0x24 CMakeFiles/TEST11.dir/startup_stm32f407xx.s.obj
 .debug_abbrev  0x00001192       0x14 C:/arm-tools/xpack-arm-none-eabi-gcc-13.3.1-1.1/bin/../lib/gcc/arm-none-eabi/13.3.1/thumb/v7e-m+fp/hard\libgcc.a(_aeabi_uldivmod.o)
 .debug_abbrev  0x000011a6      0x16a C:/arm-tools/xpack-arm-none-eabi-gcc-13.3.1-1.1/bin/../lib/gcc/arm-none-eabi/13.3.1/thumb/v7e-m+fp/hard\libgcc.a(_udivmoddi4.o)
 .debug_abbrev  0x00001310       0x26 C:/arm-tools/xpack-arm-none-eabi-gcc-13.3.1-1.1/bin/../lib/gcc/arm-none-eabi/13.3.1/thumb/v7e-m+fp/hard\libgcc.a(_dvmd_tls.o)

.debug_aranges  0x00000000      0x4b8
 .debug_aranges
                0x00000000       0x28 cmake/stm32cubemx/CMakeFiles/STM32_Drivers.dir/__/__/Core/Src/system_stm32f4xx.c.obj
 .debug_aranges
                0x00000028       0x88 cmake/stm32cubemx/CMakeFiles/STM32_Drivers.dir/__/__/Drivers/STM32F4xx_HAL_Driver/Src/stm32f4xx_hal_rcc.c.obj
 .debug_aranges
                0x000000b0       0x58 cmake/stm32cubemx/CMakeFiles/STM32_Drivers.dir/__/__/Drivers/STM32F4xx_HAL_Driver/Src/stm32f4xx_hal_gpio.c.obj
 .debug_aranges
                0x00000108      0x130 cmake/stm32cubemx/CMakeFiles/STM32_Drivers.dir/__/__/Drivers/STM32F4xx_HAL_Driver/Src/stm32f4xx_hal_cortex.c.obj
 .debug_aranges
                0x00000238       0xf0 cmake/stm32cubemx/CMakeFiles/STM32_Drivers.dir/__/__/Drivers/STM32F4xx_HAL_Driver/Src/stm32f4xx_hal.c.obj
 .debug_aranges
                0x00000328       0x40 CMakeFiles/TEST11.dir/Core/Src/main.c.obj
 .debug_aranges
                0x00000368       0x20 CMakeFiles/TEST11.dir/Core/Src/gpio.c.obj
 .debug_aranges
                0x00000388       0x28 CMakeFiles/TEST11.dir/Core/Src/key.c.obj
 .debug_aranges
                0x000003b0       0x60 CMakeFiles/TEST11.dir/Core/Src/stm32f4xx_it.c.obj
 .debug_aranges
                0x00000410       0x20 CMakeFiles/TEST11.dir/Core/Src/stm32f4xx_hal_msp.c.obj
 .debug_aranges
                0x00000430       0x28 CMakeFiles/TEST11.dir/startup_stm32f407xx.s.obj
 .debug_aranges
                0x00000458       0x20 C:/arm-tools/xpack-arm-none-eabi-gcc-13.3.1-1.1/bin/../lib/gcc/arm-none-eabi/13.3.1/thumb/v7e-m+fp/hard\libgcc.a(_aeabi_uldivmod.o)
 .debug_aranges
                0x00000478       0x20 C:/arm-tools/xpack-arm-none-eabi-gcc-13.3.1-1.1/bin/../lib/gcc/arm-none-eabi/13.3.1/thumb/v7e-m+fp/hard\libgcc.a(_udivmoddi4.o)
 .debug_aranges
                0x00000498       0x20 C:/arm-tools/xpack-arm-none-eabi-gcc-13.3.1-1.1/bin/../lib/gcc/arm-none-eabi/13.3.1/thumb/v7e-m+fp/hard\libgcc.a(_dvmd_tls.o)

.debug_rnglists
                0x00000000      0x3b3
 .debug_rnglists
                0x00000000       0x1a cmake/stm32cubemx/CMakeFiles/STM32_Drivers.dir/__/__/Core/Src/system_stm32f4xx.c.obj
 .debug_rnglists
                0x0000001a       0x66 cmake/stm32cubemx/CMakeFiles/STM32_Drivers.dir/__/__/Drivers/STM32F4xx_HAL_Driver/Src/stm32f4xx_hal_rcc.c.obj
 .debug_rnglists
                0x00000080       0x3f cmake/stm32cubemx/CMakeFiles/STM32_Drivers.dir/__/__/Drivers/STM32F4xx_HAL_Driver/Src/stm32f4xx_hal_gpio.c.obj
 .debug_rnglists
                0x000000bf       0xe0 cmake/stm32cubemx/CMakeFiles/STM32_Drivers.dir/__/__/Drivers/STM32F4xx_HAL_Driver/Src/stm32f4xx_hal_cortex.c.obj
 .debug_rnglists
                0x0000019f       0xaf cmake/stm32cubemx/CMakeFiles/STM32_Drivers.dir/__/__/Drivers/STM32F4xx_HAL_Driver/Src/stm32f4xx_hal.c.obj
 .debug_rnglists
                0x0000024e       0x2e CMakeFiles/TEST11.dir/Core/Src/main.c.obj
 .debug_rnglists
                0x0000027c       0x14 CMakeFiles/TEST11.dir/Core/Src/gpio.c.obj
 .debug_rnglists
                0x00000290       0x1b CMakeFiles/TEST11.dir/Core/Src/key.c.obj
 .debug_rnglists
                0x000002ab       0x43 CMakeFiles/TEST11.dir/Core/Src/stm32f4xx_it.c.obj
 .debug_rnglists
                0x000002ee       0x13 CMakeFiles/TEST11.dir/Core/Src/stm32f4xx_hal_msp.c.obj
 .debug_rnglists
                0x00000301       0x19 CMakeFiles/TEST11.dir/startup_stm32f407xx.s.obj
 .debug_rnglists
                0x0000031a       0x99 C:/arm-tools/xpack-arm-none-eabi-gcc-13.3.1-1.1/bin/../lib/gcc/arm-none-eabi/13.3.1/thumb/v7e-m+fp/hard\libgcc.a(_udivmoddi4.o)

.debug_macro    0x00000000    0x1f25c
 .debug_macro   0x00000000      0x1b0 cmake/stm32cubemx/CMakeFiles/STM32_Drivers.dir/__/__/Core/Src/system_stm32f4xx.c.obj
 .debug_macro   0x000001b0      0xad8 cmake/stm32cubemx/CMakeFiles/STM32_Drivers.dir/__/__/Core/Src/system_stm32f4xx.c.obj
 .debug_macro   0x00000c88       0x2e cmake/stm32cubemx/CMakeFiles/STM32_Drivers.dir/__/__/Core/Src/system_stm32f4xx.c.obj
 .debug_macro   0x00000cb6       0x2f cmake/stm32cubemx/CMakeFiles/STM32_Drivers.dir/__/__/Core/Src/system_stm32f4xx.c.obj
 .debug_macro   0x00000ce5       0x22 cmake/stm32cubemx/CMakeFiles/STM32_Drivers.dir/__/__/Core/Src/system_stm32f4xx.c.obj
 .debug_macro   0x00000d07       0x8e cmake/stm32cubemx/CMakeFiles/STM32_Drivers.dir/__/__/Core/Src/system_stm32f4xx.c.obj
 .debug_macro   0x00000d95       0x51 cmake/stm32cubemx/CMakeFiles/STM32_Drivers.dir/__/__/Core/Src/system_stm32f4xx.c.obj
 .debug_macro   0x00000de6      0x103 cmake/stm32cubemx/CMakeFiles/STM32_Drivers.dir/__/__/Core/Src/system_stm32f4xx.c.obj
 .debug_macro   0x00000ee9       0x6a cmake/stm32cubemx/CMakeFiles/STM32_Drivers.dir/__/__/Core/Src/system_stm32f4xx.c.obj
 .debug_macro   0x00000f53      0x1df cmake/stm32cubemx/CMakeFiles/STM32_Drivers.dir/__/__/Core/Src/system_stm32f4xx.c.obj
 .debug_macro   0x00001132       0x1c cmake/stm32cubemx/CMakeFiles/STM32_Drivers.dir/__/__/Core/Src/system_stm32f4xx.c.obj
 .debug_macro   0x0000114e       0x22 cmake/stm32cubemx/CMakeFiles/STM32_Drivers.dir/__/__/Core/Src/system_stm32f4xx.c.obj
 .debug_macro   0x00001170       0xfb cmake/stm32cubemx/CMakeFiles/STM32_Drivers.dir/__/__/Core/Src/system_stm32f4xx.c.obj
 .debug_macro   0x0000126b     0x1011 cmake/stm32cubemx/CMakeFiles/STM32_Drivers.dir/__/__/Core/Src/system_stm32f4xx.c.obj
 .debug_macro   0x0000227c      0x11f cmake/stm32cubemx/CMakeFiles/STM32_Drivers.dir/__/__/Core/Src/system_stm32f4xx.c.obj
 .debug_macro   0x0000239b    0x15ea5 cmake/stm32cubemx/CMakeFiles/STM32_Drivers.dir/__/__/Core/Src/system_stm32f4xx.c.obj
 .debug_macro   0x00018240       0x6d cmake/stm32cubemx/CMakeFiles/STM32_Drivers.dir/__/__/Core/Src/system_stm32f4xx.c.obj
 .debug_macro   0x000182ad      0x28f cmake/stm32cubemx/CMakeFiles/STM32_Drivers.dir/__/__/Core/Src/system_stm32f4xx.c.obj
 .debug_macro   0x0001853c     0x3693 cmake/stm32cubemx/CMakeFiles/STM32_Drivers.dir/__/__/Core/Src/system_stm32f4xx.c.obj
 .debug_macro   0x0001bbcf      0x190 cmake/stm32cubemx/CMakeFiles/STM32_Drivers.dir/__/__/Core/Src/system_stm32f4xx.c.obj
 .debug_macro   0x0001bd5f       0x5c cmake/stm32cubemx/CMakeFiles/STM32_Drivers.dir/__/__/Core/Src/system_stm32f4xx.c.obj
 .debug_macro   0x0001bdbb      0x980 cmake/stm32cubemx/CMakeFiles/STM32_Drivers.dir/__/__/Core/Src/system_stm32f4xx.c.obj
 .debug_macro   0x0001c73b      0x9e9 cmake/stm32cubemx/CMakeFiles/STM32_Drivers.dir/__/__/Core/Src/system_stm32f4xx.c.obj
 .debug_macro   0x0001d124      0x115 cmake/stm32cubemx/CMakeFiles/STM32_Drivers.dir/__/__/Core/Src/system_stm32f4xx.c.obj
 .debug_macro   0x0001d239      0x13e cmake/stm32cubemx/CMakeFiles/STM32_Drivers.dir/__/__/Core/Src/system_stm32f4xx.c.obj
 .debug_macro   0x0001d377       0xa5 cmake/stm32cubemx/CMakeFiles/STM32_Drivers.dir/__/__/Core/Src/system_stm32f4xx.c.obj
 .debug_macro   0x0001d41c      0x174 cmake/stm32cubemx/CMakeFiles/STM32_Drivers.dir/__/__/Core/Src/system_stm32f4xx.c.obj
 .debug_macro   0x0001d590      0x287 cmake/stm32cubemx/CMakeFiles/STM32_Drivers.dir/__/__/Core/Src/system_stm32f4xx.c.obj
 .debug_macro   0x0001d817       0x5f cmake/stm32cubemx/CMakeFiles/STM32_Drivers.dir/__/__/Core/Src/system_stm32f4xx.c.obj
 .debug_macro   0x0001d876      0x236 cmake/stm32cubemx/CMakeFiles/STM32_Drivers.dir/__/__/Core/Src/system_stm32f4xx.c.obj
 .debug_macro   0x0001daac      0x12c cmake/stm32cubemx/CMakeFiles/STM32_Drivers.dir/__/__/Core/Src/system_stm32f4xx.c.obj
 .debug_macro   0x0001dbd8      0x21e cmake/stm32cubemx/CMakeFiles/STM32_Drivers.dir/__/__/Core/Src/system_stm32f4xx.c.obj
 .debug_macro   0x0001ddf6       0x2e cmake/stm32cubemx/CMakeFiles/STM32_Drivers.dir/__/__/Core/Src/system_stm32f4xx.c.obj
 .debug_macro   0x0001de24      0x127 cmake/stm32cubemx/CMakeFiles/STM32_Drivers.dir/__/__/Core/Src/system_stm32f4xx.c.obj
 .debug_macro   0x0001df4b       0x7e cmake/stm32cubemx/CMakeFiles/STM32_Drivers.dir/__/__/Core/Src/system_stm32f4xx.c.obj
 .debug_macro   0x0001dfc9       0x89 cmake/stm32cubemx/CMakeFiles/STM32_Drivers.dir/__/__/Core/Src/system_stm32f4xx.c.obj
 .debug_macro   0x0001e052      0x12d cmake/stm32cubemx/CMakeFiles/STM32_Drivers.dir/__/__/Core/Src/system_stm32f4xx.c.obj
 .debug_macro   0x0001e17f      0x1d4 cmake/stm32cubemx/CMakeFiles/STM32_Drivers.dir/__/__/Drivers/STM32F4xx_HAL_Driver/Src/stm32f4xx_hal_rcc.c.obj
 .debug_macro   0x0001e353      0x1b6 cmake/stm32cubemx/CMakeFiles/STM32_Drivers.dir/__/__/Drivers/STM32F4xx_HAL_Driver/Src/stm32f4xx_hal_gpio.c.obj
 .debug_macro   0x0001e509      0x1b0 cmake/stm32cubemx/CMakeFiles/STM32_Drivers.dir/__/__/Drivers/STM32F4xx_HAL_Driver/Src/stm32f4xx_hal_cortex.c.obj
 .debug_macro   0x0001e6b9      0x210 cmake/stm32cubemx/CMakeFiles/STM32_Drivers.dir/__/__/Drivers/STM32F4xx_HAL_Driver/Src/stm32f4xx_hal.c.obj
 .debug_macro   0x0001e8c9      0x1d1 CMakeFiles/TEST11.dir/Core/Src/main.c.obj
 .debug_macro   0x0001ea9a       0x52 CMakeFiles/TEST11.dir/Core/Src/main.c.obj
 .debug_macro   0x0001eaec      0x1c4 CMakeFiles/TEST11.dir/Core/Src/gpio.c.obj
 .debug_macro   0x0001ecb0      0x1d2 CMakeFiles/TEST11.dir/Core/Src/key.c.obj
 .debug_macro   0x0001ee82       0x4c CMakeFiles/TEST11.dir/Core/Src/key.c.obj
 .debug_macro   0x0001eece       0x10 CMakeFiles/TEST11.dir/Core/Src/key.c.obj
 .debug_macro   0x0001eede      0x1c4 CMakeFiles/TEST11.dir/Core/Src/stm32f4xx_it.c.obj
 .debug_macro   0x0001f0a2      0x1ba CMakeFiles/TEST11.dir/Core/Src/stm32f4xx_hal_msp.c.obj

.debug_line     0x00000000     0x531a
 .debug_line    0x00000000      0x5c2 cmake/stm32cubemx/CMakeFiles/STM32_Drivers.dir/__/__/Core/Src/system_stm32f4xx.c.obj
 .debug_line    0x000005c2      0xc4b cmake/stm32cubemx/CMakeFiles/STM32_Drivers.dir/__/__/Drivers/STM32F4xx_HAL_Driver/Src/stm32f4xx_hal_rcc.c.obj
 .debug_line    0x0000120d      0x996 cmake/stm32cubemx/CMakeFiles/STM32_Drivers.dir/__/__/Drivers/STM32F4xx_HAL_Driver/Src/stm32f4xx_hal_gpio.c.obj
 .debug_line    0x00001ba3      0xb0e cmake/stm32cubemx/CMakeFiles/STM32_Drivers.dir/__/__/Drivers/STM32F4xx_HAL_Driver/Src/stm32f4xx_hal_cortex.c.obj
 .debug_line    0x000026b1      0x83e cmake/stm32cubemx/CMakeFiles/STM32_Drivers.dir/__/__/Drivers/STM32F4xx_HAL_Driver/Src/stm32f4xx_hal.c.obj
 .debug_line    0x00002eef      0x6b4 CMakeFiles/TEST11.dir/Core/Src/main.c.obj
 .debug_line    0x000035a3      0x568 CMakeFiles/TEST11.dir/Core/Src/gpio.c.obj
 .debug_line    0x00003b0b      0x5f6 CMakeFiles/TEST11.dir/Core/Src/key.c.obj
 .debug_line    0x00004101      0x5fb CMakeFiles/TEST11.dir/Core/Src/stm32f4xx_it.c.obj
 .debug_line    0x000046fc      0x54c CMakeFiles/TEST11.dir/Core/Src/stm32f4xx_hal_msp.c.obj
 .debug_line    0x00004c48       0x7a CMakeFiles/TEST11.dir/startup_stm32f407xx.s.obj
 .debug_line    0x00004cc2       0x4e C:/arm-tools/xpack-arm-none-eabi-gcc-13.3.1-1.1/bin/../lib/gcc/arm-none-eabi/13.3.1/thumb/v7e-m+fp/hard\libgcc.a(_aeabi_uldivmod.o)
 .debug_line    0x00004d10      0x5c0 C:/arm-tools/xpack-arm-none-eabi-gcc-13.3.1-1.1/bin/../lib/gcc/arm-none-eabi/13.3.1/thumb/v7e-m+fp/hard\libgcc.a(_udivmoddi4.o)
 .debug_line    0x000052d0       0x4a C:/arm-tools/xpack-arm-none-eabi-gcc-13.3.1-1.1/bin/../lib/gcc/arm-none-eabi/13.3.1/thumb/v7e-m+fp/hard\libgcc.a(_dvmd_tls.o)

.debug_str      0x00000000    0xbcf00
 .debug_str     0x00000000    0xbcf00 cmake/stm32cubemx/CMakeFiles/STM32_Drivers.dir/__/__/Core/Src/system_stm32f4xx.c.obj
                              0xbb107 (size before relaxing)
 .debug_str     0x000bcf00    0xbb53b cmake/stm32cubemx/CMakeFiles/STM32_Drivers.dir/__/__/Drivers/STM32F4xx_HAL_Driver/Src/stm32f4xx_hal_rcc.c.obj
 .debug_str     0x000bcf00    0xbb282 cmake/stm32cubemx/CMakeFiles/STM32_Drivers.dir/__/__/Drivers/STM32F4xx_HAL_Driver/Src/stm32f4xx_hal_gpio.c.obj
 .debug_str     0x000bcf00    0xbba07 cmake/stm32cubemx/CMakeFiles/STM32_Drivers.dir/__/__/Drivers/STM32F4xx_HAL_Driver/Src/stm32f4xx_hal_cortex.c.obj
 .debug_str     0x000bcf00    0xbbc8b cmake/stm32cubemx/CMakeFiles/STM32_Drivers.dir/__/__/Drivers/STM32F4xx_HAL_Driver/Src/stm32f4xx_hal.c.obj
 .debug_str     0x000bcf00    0xbb4bd CMakeFiles/TEST11.dir/Core/Src/main.c.obj
 .debug_str     0x000bcf00    0xbb122 CMakeFiles/TEST11.dir/Core/Src/gpio.c.obj
 .debug_str     0x000bcf00    0xbb2bd CMakeFiles/TEST11.dir/Core/Src/key.c.obj
 .debug_str     0x000bcf00    0xbafdd CMakeFiles/TEST11.dir/Core/Src/stm32f4xx_it.c.obj
 .debug_str     0x000bcf00    0xbb057 CMakeFiles/TEST11.dir/Core/Src/stm32f4xx_hal_msp.c.obj
 .debug_str     0x000bcf00       0x6a CMakeFiles/TEST11.dir/startup_stm32f407xx.s.obj
 .debug_str     0x000bcf00      0x13a C:/arm-tools/xpack-arm-none-eabi-gcc-13.3.1-1.1/bin/../lib/gcc/arm-none-eabi/13.3.1/thumb/v7e-m+fp/hard\libgcc.a(_aeabi_uldivmod.o)
 .debug_str     0x000bcf00      0x753 C:/arm-tools/xpack-arm-none-eabi-gcc-13.3.1-1.1/bin/../lib/gcc/arm-none-eabi/13.3.1/thumb/v7e-m+fp/hard\libgcc.a(_udivmoddi4.o)
 .debug_str     0x000bcf00      0x15a C:/arm-tools/xpack-arm-none-eabi-gcc-13.3.1-1.1/bin/../lib/gcc/arm-none-eabi/13.3.1/thumb/v7e-m+fp/hard\libgcc.a(_dvmd_tls.o)

.debug_frame    0x00000000      0xef4
 .debug_frame   0x00000000       0x58 cmake/stm32cubemx/CMakeFiles/STM32_Drivers.dir/__/__/Core/Src/system_stm32f4xx.c.obj
 .debug_frame   0x00000058      0x1f4 cmake/stm32cubemx/CMakeFiles/STM32_Drivers.dir/__/__/Drivers/STM32F4xx_HAL_Driver/Src/stm32f4xx_hal_rcc.c.obj
 .debug_frame   0x0000024c      0x14c cmake/stm32cubemx/CMakeFiles/STM32_Drivers.dir/__/__/Drivers/STM32F4xx_HAL_Driver/Src/stm32f4xx_hal_gpio.c.obj
 .debug_frame   0x00000398      0x508 cmake/stm32cubemx/CMakeFiles/STM32_Drivers.dir/__/__/Drivers/STM32F4xx_HAL_Driver/Src/stm32f4xx_hal_cortex.c.obj
 .debug_frame   0x000008a0      0x374 cmake/stm32cubemx/CMakeFiles/STM32_Drivers.dir/__/__/Drivers/STM32F4xx_HAL_Driver/Src/stm32f4xx_hal.c.obj
 .debug_frame   0x00000c14       0xb8 CMakeFiles/TEST11.dir/Core/Src/main.c.obj
 .debug_frame   0x00000ccc       0x34 CMakeFiles/TEST11.dir/Core/Src/gpio.c.obj
 .debug_frame   0x00000d00       0x58 CMakeFiles/TEST11.dir/Core/Src/key.c.obj
 .debug_frame   0x00000d58      0x104 CMakeFiles/TEST11.dir/Core/Src/stm32f4xx_it.c.obj
 .debug_frame   0x00000e5c       0x38 CMakeFiles/TEST11.dir/Core/Src/stm32f4xx_hal_msp.c.obj
 .debug_frame   0x00000e94       0x2c C:/arm-tools/xpack-arm-none-eabi-gcc-13.3.1-1.1/bin/../lib/gcc/arm-none-eabi/13.3.1/thumb/v7e-m+fp/hard\libgcc.a(_aeabi_uldivmod.o)
 .debug_frame   0x00000ec0       0x34 C:/arm-tools/xpack-arm-none-eabi-gcc-13.3.1-1.1/bin/../lib/gcc/arm-none-eabi/13.3.1/thumb/v7e-m+fp/hard\libgcc.a(_udivmoddi4.o)

.debug_line_str
                0x00000000      0x186
 .debug_line_str
                0x00000000      0x186 CMakeFiles/TEST11.dir/startup_stm32f407xx.s.obj
                                 0x4e (size before relaxing)
 .debug_line_str
                0x00000186      0x12c C:/arm-tools/xpack-arm-none-eabi-gcc-13.3.1-1.1/bin/../lib/gcc/arm-none-eabi/13.3.1/thumb/v7e-m+fp/hard\libgcc.a(_aeabi_uldivmod.o)
 .debug_line_str
                0x00000186      0x130 C:/arm-tools/xpack-arm-none-eabi-gcc-13.3.1-1.1/bin/../lib/gcc/arm-none-eabi/13.3.1/thumb/v7e-m+fp/hard\libgcc.a(_dvmd_tls.o)

.debug_loclists
                0x00000000      0xa15
 .debug_loclists
                0x00000000      0xa15 C:/arm-tools/xpack-arm-none-eabi-gcc-13.3.1-1.1/bin/../lib/gcc/arm-none-eabi/13.3.1/thumb/v7e-m+fp/hard\libgcc.a(_udivmoddi4.o)
